Interval 60

# Explicitly set hostname to "" to indicate the default resource.
Hostname ""

# The Stackdriver agent does not use fully qualified domain names.
FQDNLookup false

# Collectd processes its config in order, so this must be loaded first in order
# to catch messages from other plugins during configuration.
LoadPlugin syslog
<Plugin "syslog">
  LogLevel "info"
</Plugin>

LoadPlugin stackdriver_agent
LoadPlugin write_gcm
<Plugin "write_gcm">
  PrettyPrintJSON false
</Plugin>

LoadPlugin processes
LoadPlugin match_regex
<Plugin "processes">
  ProcessMatch "all" ".*"
  Detail "ps_cputime"
  Detail "ps_disk_octets"
  Detail "ps_rss"
  Detail "ps_vm"
</Plugin>

PostCacheChain "PostCache"
<Chain "PostCache">
  <Rule "processes">
    <Match "regex">
      Plugin "^processes$"
      Type "^(ps_cputime|disk_octets|ps_rss|ps_vm)$"
    </Match>
    <Target "write">
      Plugin "write_gcm"
    </Target>
  </Rule>
  Target "stop"
</Chain>
